........................................................................ [ 18%]
........................................................................ [ 37%]
........................................................................ [ 56%]
........................................................................ [ 75%]
........................................................................ [ 94%]
......................                                                   [100%]
382 passed in 34.52s

